正在处理comment_0_0.csv点集
正在处理forum_0_0.csv点集
正在处理organisation_0_0.csv点集
正在处理person_0_0.csv点集
正在处理place_0_0.csv点集
正在处理post_0_0.csv点集
正在处理tag_0_0.csv点集
正在处理tagclass_0_0.csv点集
正在处理comment_hasCreator_person_0_0.csv边集
正在处理comment_hasTag_tag_0_0.csv边集
正在处理comment_isLocatedIn_place_0_0.csv边集
正在处理comment_replyOf_comment_0_0.csv边集
正在处理comment_replyOf_post_0_0.csv边集
正在处理forum_containerOf_post_0_0.csv边集
正在处理forum_hasMember_person_0_0.csv边集
正在处理forum_hasModerator_person_0_0.csv边集
正在处理forum_hasTag_tag_0_0.csv边集
正在处理organisation_isLocatedIn_place_0_0.csv边集
正在处理person_hasInterest_tag_0_0.csv边集
正在处理person_isLocatedIn_place_0_0.csv边集
正在处理person_knows_person_0_0.csv边集
正在处理person_likes_comment_0_0.csv边集
正在处理person_likes_post_0_0.csv边集
正在处理person_studyAt_organisation_0_0.csv边集
正在处理person_workAt_organisation_0_0.csv边集
正在处理place_isPartOf_place_0_0.csv边集
正在处理post_hasCreator_person_0_0.csv边集
正在处理post_hasTag_tag_0_0.csv边集
正在处理post_isLocatedIn_place_0_0.csv边集
正在处理tag_hasType_tagclass_0_0.csv边集
正在处理tagclass_isSubclassOf_tagclass_0_0.csv边集
1600.298472482944
