nohup: ignoring input
---点信息读取完成---
分区边存放字典构造完毕
---边信息读取完成---
分区0共：69566991条边
分区1共：69569396条边
分区2共：69574982条边
分区3共：69585405条边
分区4共：69584170条边
分区5共：69602462条边
分区6共：69606630条边
分区7共：53416140条边
540506176
正在处理分区0的点集
正在读取comment_0_0.csv@person_0_0.csv的所有点id
正在处理分区1的点集
正在读取comment_0_0.csv@person_0_0.csv的所有点id
正在处理分区2的点集
正在读取comment_0_0.csv@person_0_0.csv的所有点id
正在处理分区3的点集
正在读取comment_0_0.csv@person_0_0.csv的所有点id
正在读取comment_0_0.csv@tag_0_0.csv的所有点id
正在读取comment_0_0.csv@tag_0_0.csv的所有点id
正在读取comment_0_0.csv@tag_0_0.csv的所有点id
正在读取comment_0_0.csv@tag_0_0.csv的所有点id
正在读取comment_0_0.csv@place_0_0.csv的所有点id
正在读取comment_0_0.csv@place_0_0.csv的所有点id
正在读取comment_0_0.csv@place_0_0.csv的所有点id
正在读取comment_0_0.csv@place_0_0.csv的所有点id
正在读取comment_0_0.csv@comment_0_0.csv的所有点id
正在读取comment_0_0.csv@comment_0_0.csv的所有点id
正在读取comment_0_0.csv@comment_0_0.csv的所有点id
正在读取comment_0_0.csv@post_0_0.csv的所有点id
正在读取comment_0_0.csv@comment_0_0.csv的所有点id
正在读取comment_0_0.csv@post_0_0.csv的所有点id
正在读取forum_0_0.csv@post_0_0.csv的所有点id
正在读取comment_0_0.csv@post_0_0.csv的所有点id
正在读取comment_0_0.csv@post_0_0.csv的所有点id
正在读取forum_0_0.csv@person_0_0.csv的所有点id
正在读取forum_0_0.csv@post_0_0.csv的所有点id
正在读取forum_0_0.csv@post_0_0.csv的所有点id
正在读取forum_0_0.csv@tag_0_0.csv的所有点id
正在读取forum_0_0.csv@person_0_0.csv的所有点id
正在读取forum_0_0.csv@post_0_0.csv的所有点id
正在读取organisation_0_0.csv@place_0_0.csv的所有点id
正在读取person_0_0.csv@tag_0_0.csv的所有点id
正在读取forum_0_0.csv@person_0_0.csv的所有点id
正在读取person_0_0.csv@place_0_0.csv的所有点id
正在读取person_0_0.csv@person_0_0.csv的所有点id
正在读取person_0_0.csv@post_0_0.csv的所有点id
正在读取forum_0_0.csv@person_0_0.csv的所有点id
正在读取forum_0_0.csv@tag_0_0.csv的所有点id
正在读取organisation_0_0.csv@place_0_0.csv的所有点id
正在读取person_0_0.csv@tag_0_0.csv的所有点id
正在读取person_0_0.csv@place_0_0.csv的所有点id
正在读取person_0_0.csv@person_0_0.csv的所有点id
正在读取person_0_0.csv@post_0_0.csv的所有点id
正在读取forum_0_0.csv@tag_0_0.csv的所有点id
正在读取organisation_0_0.csv@place_0_0.csv的所有点id
正在读取person_0_0.csv@tag_0_0.csv的所有点id
正在读取forum_0_0.csv@tag_0_0.csv的所有点id
正在读取person_0_0.csv@place_0_0.csv的所有点id
正在读取person_0_0.csv@person_0_0.csv的所有点id
正在读取person_0_0.csv@post_0_0.csv的所有点id
正在读取organisation_0_0.csv@place_0_0.csv的所有点id
正在读取person_0_0.csv@tag_0_0.csv的所有点id
正在读取person_0_0.csv@place_0_0.csv的所有点id
正在读取person_0_0.csv@person_0_0.csv的所有点id
正在读取person_0_0.csv@post_0_0.csv的所有点id
正在读取person_0_0.csv@organisation_0_0.csv的所有点id
正在读取place_0_0.csv@place_0_0.csv的所有点id
正在读取post_0_0.csv@tag_0_0.csv的所有点id
正在读取person_0_0.csv@organisation_0_0.csv的所有点id
正在读取place_0_0.csv@place_0_0.csv的所有点id
正在读取post_0_0.csv@tag_0_0.csv的所有点id
正在读取post_0_0.csv@place_0_0.csv的所有点id
正在读取person_0_0.csv@organisation_0_0.csv的所有点id
正在读取place_0_0.csv@place_0_0.csv的所有点id
正在读取post_0_0.csv@tag_0_0.csv的所有点id
正在读取tag_0_0.csv@tagclass_0_0.csv的所有点id
正在读取tagclass_0_0.csv@tagclass_0_0.csv的所有点id
正在读取post_0_0.csv@place_0_0.csv的所有点id
正在读取person_0_0.csv@organisation_0_0.csv的所有点id
正在读取place_0_0.csv@place_0_0.csv的所有点id
正在读取post_0_0.csv@tag_0_0.csv的所有点id
正在读取post_0_0.csv@place_0_0.csv的所有点id
正在读取tag_0_0.csv@tagclass_0_0.csv的所有点id
正在读取tagclass_0_0.csv@tagclass_0_0.csv的所有点id
正在读取tag_0_0.csv@tagclass_0_0.csv的所有点id
正在读取tagclass_0_0.csv@tagclass_0_0.csv的所有点id
正在读取post_0_0.csv@place_0_0.csv的所有点id
正在读取tag_0_0.csv@tagclass_0_0.csv的所有点id
正在读取tagclass_0_0.csv@tagclass_0_0.csv的所有点id
正在处理分区4的点集
正在读取comment_0_0.csv@person_0_0.csv的所有点id
正在处理分区5的点集
正在读取comment_0_0.csv@person_0_0.csv的所有点id
正在处理分区6的点集
正在读取comment_0_0.csv@person_0_0.csv的所有点id
正在处理分区7的点集
正在读取comment_0_0.csv@person_0_0.csv的所有点id
正在读取comment_0_0.csv@tag_0_0.csv的所有点id
正在读取comment_0_0.csv@place_0_0.csv的所有点id
正在读取comment_0_0.csv@comment_0_0.csv的所有点id
正在读取comment_0_0.csv@tag_0_0.csv的所有点id
正在读取comment_0_0.csv@post_0_0.csv的所有点id
正在读取forum_0_0.csv@post_0_0.csv的所有点id
正在读取comment_0_0.csv@tag_0_0.csv的所有点id
正在读取comment_0_0.csv@tag_0_0.csv的所有点id
正在读取forum_0_0.csv@person_0_0.csv的所有点id
正在读取comment_0_0.csv@place_0_0.csv的所有点id
正在读取comment_0_0.csv@place_0_0.csv的所有点id
正在读取comment_0_0.csv@place_0_0.csv的所有点id
正在读取forum_0_0.csv@tag_0_0.csv的所有点id
正在读取organisation_0_0.csv@place_0_0.csv的所有点id
正在读取person_0_0.csv@tag_0_0.csv的所有点id
正在读取comment_0_0.csv@comment_0_0.csv的所有点id
正在读取person_0_0.csv@place_0_0.csv的所有点id
正在读取person_0_0.csv@person_0_0.csv的所有点id
正在读取comment_0_0.csv@comment_0_0.csv的所有点id
正在读取person_0_0.csv@post_0_0.csv的所有点id
正在读取comment_0_0.csv@comment_0_0.csv的所有点id
正在读取comment_0_0.csv@post_0_0.csv的所有点id
正在读取comment_0_0.csv@post_0_0.csv的所有点id
正在读取forum_0_0.csv@post_0_0.csv的所有点id
正在读取comment_0_0.csv@post_0_0.csv的所有点id
正在读取person_0_0.csv@organisation_0_0.csv的所有点id
正在读取place_0_0.csv@place_0_0.csv的所有点id
正在读取post_0_0.csv@tag_0_0.csv的所有点id
正在读取post_0_0.csv@place_0_0.csv的所有点id
正在读取forum_0_0.csv@person_0_0.csv的所有点id
正在读取forum_0_0.csv@post_0_0.csv的所有点id
正在读取forum_0_0.csv@post_0_0.csv的所有点id
正在读取forum_0_0.csv@person_0_0.csv的所有点id
正在读取tag_0_0.csv@tagclass_0_0.csv的所有点id
正在读取tagclass_0_0.csv@tagclass_0_0.csv的所有点id
正在读取forum_0_0.csv@person_0_0.csv的所有点id
正在读取forum_0_0.csv@tag_0_0.csv的所有点id
正在读取organisation_0_0.csv@place_0_0.csv的所有点id
正在读取person_0_0.csv@tag_0_0.csv的所有点id
正在读取person_0_0.csv@place_0_0.csv的所有点id
正在读取person_0_0.csv@person_0_0.csv的所有点id
正在读取forum_0_0.csv@tag_0_0.csv的所有点id
正在读取person_0_0.csv@post_0_0.csv的所有点id
正在读取organisation_0_0.csv@place_0_0.csv的所有点id
正在读取person_0_0.csv@tag_0_0.csv的所有点id
正在读取person_0_0.csv@place_0_0.csv的所有点id
正在读取person_0_0.csv@person_0_0.csv的所有点id
正在读取person_0_0.csv@post_0_0.csv的所有点id
正在读取forum_0_0.csv@tag_0_0.csv的所有点id
正在读取organisation_0_0.csv@place_0_0.csv的所有点id
正在读取person_0_0.csv@tag_0_0.csv的所有点id
正在读取person_0_0.csv@place_0_0.csv的所有点id
正在读取person_0_0.csv@person_0_0.csv的所有点id
正在读取person_0_0.csv@post_0_0.csv的所有点id
正在读取person_0_0.csv@organisation_0_0.csv的所有点id
正在读取place_0_0.csv@place_0_0.csv的所有点id
正在读取post_0_0.csv@tag_0_0.csv的所有点id
正在读取person_0_0.csv@organisation_0_0.csv的所有点id
正在读取place_0_0.csv@place_0_0.csv的所有点id
正在读取post_0_0.csv@tag_0_0.csv的所有点id
正在读取person_0_0.csv@organisation_0_0.csv的所有点id
正在读取place_0_0.csv@place_0_0.csv的所有点id
正在读取post_0_0.csv@tag_0_0.csv的所有点id
正在读取post_0_0.csv@place_0_0.csv的所有点id
正在读取post_0_0.csv@place_0_0.csv的所有点id
正在读取post_0_0.csv@place_0_0.csv的所有点id
正在读取tag_0_0.csv@tagclass_0_0.csv的所有点id
正在读取tagclass_0_0.csv@tagclass_0_0.csv的所有点id
正在读取tag_0_0.csv@tagclass_0_0.csv的所有点id
正在读取tagclass_0_0.csv@tagclass_0_0.csv的所有点id
正在读取tag_0_0.csv@tagclass_0_0.csv的所有点id
正在读取tagclass_0_0.csv@tagclass_0_0.csv的所有点id
正在处理分区0的边集
正在处理分区1的边集
正在处理分区2的边集
正在处理分区3的边集
正在处理分区4的边集
正在处理分区5的边集
正在处理分区6的边集
正在处理分区7的边集
4349.255925995065
7267.295391106978
处理完成！！！
